// Jest Snapshot v1, https://goo.gl/fbAQLP

exports[`passes snapshot 1`] = `
<ContextConsumer>
  <Component />
</ContextConsumer>
`;
