// Jest Snapshot v1, https://goo.gl/fbAQLP

exports[`passes snapshot 1`] = `
<ContextProvider
  value={
    Object {
      "stub": true,
    }
  }
>
  <h1>
    This is a child element
  </h1>
</ContextProvider>
`;
