// Jest Snapshot v1, https://goo.gl/fbAQLP

exports[`on init default values match snapshot 1`] = `
Object {
  "data": 1234,
  "error": undefined,
  "executeQuery": [Function],
  "fetching": false,
}
`;
