// Jest Snapshot v1, https://goo.gl/fbAQLP

exports[`hash should returned a murmur hashed string from a query string 1`] = `"1rvkz44"`;
