// Jest Snapshot v1, https://goo.gl/fbAQLP

exports[`returns consistent hashes for strings 1`] = `2090756197`;
