// Jest Snapshot v1, https://goo.gl/fbAQLP

exports[`should return response data from forwardSubscription observable 1`] = `
Object {
  "data": Object {},
  "error": undefined,
  "extensions": undefined,
  "operation": Object {
    "context": Object {
      "fetchOptions": Object {
        "method": "POST",
      },
      "requestPolicy": "cache-first",
      "url": "http://localhost:3000/graphql",
    },
    "key": 4,
    "kind": "subscription",
    "operationName": "subscription",
    "query": Object {
      "definitions": Array [
        Object {
          "directives": Array [],
          "kind": "OperationDefinition",
          "name": Object {
            "kind": "Name",
            "value": "subscribeToUser",
          },
          "operation": "subscription",
          "selectionSet": Object {
            "kind": "SelectionSet",
            "selections": Array [
              Object {
                "alias": undefined,
                "arguments": Array [
                  Object {
                    "kind": "Argument",
                    "name": Object {
                      "kind": "Name",
                      "value": "user",
                    },
                    "value": Object {
                      "kind": "Variable",
                      "name": Object {
                        "kind": "Name",
                        "value": "user",
                      },
                    },
                  },
                ],
                "directives": Array [],
                "kind": "Field",
                "name": Object {
                  "kind": "Name",
                  "value": "user",
                },
                "selectionSet": Object {
                  "kind": "SelectionSet",
                  "selections": Array [
                    Object {
                      "alias": undefined,
                      "arguments": Array [],
                      "directives": Array [],
                      "kind": "Field",
                      "name": Object {
                        "kind": "Name",
                        "value": "name",
                      },
                      "selectionSet": undefined,
                    },
                  ],
                },
              },
            ],
          },
          "variableDefinitions": Array [
            Object {
              "defaultValue": undefined,
              "directives": Array [],
              "kind": "VariableDefinition",
              "type": Object {
                "kind": "NamedType",
                "name": Object {
                  "kind": "Name",
                  "value": "String",
                },
              },
              "variable": Object {
                "kind": "Variable",
                "name": Object {
                  "kind": "Name",
                  "value": "user",
                },
              },
            },
          ],
        },
      ],
      "kind": "Document",
      "loc": Object {
        "end": 106,
        "start": 0,
      },
    },
    "variables": Object {
      "user": "colin",
    },
  },
}
`;
