// Jest Snapshot v1, https://goo.gl/fbAQLP

exports[`createClient passes snapshot 1`] = `
Client {
  "activeOperations": Object {},
  "createOperationContext": [Function],
  "createRequestOperation": [Function],
  "dispatchOperation": [Function],
  "exchange": [Function],
  "executeMutation": [Function],
  "executeQuery": [Function],
  "executeSubscription": [Function],
  "fetchOptions": undefined,
  "operations$": [Function],
  "reexecuteOperation": [Function],
  "results$": [Function],
  "suspense": false,
  "url": "https://hostname.com",
}
`;
